#-----------------------------------------------------------
# Vivado v2025.1 (64-bit)
# SW Build 6140274 on Thu May 22 00:12:29 MDT 2025
# IP Build 6138677 on Thu May 22 03:10:11 MDT 2025
# SharedData Build 6139179 on Tue May 20 17:58:58 MDT 2025
# Start of session at: Sat Apr 11 11:35:14 2026
# Process ID         : 13004
# Current directory  : C:/Users/nguye/Desktop/LAB/Project/systolic_array/systolic_array
# Command line       : vivado.exe -gui_launcher_event rodinguilauncherevent25040 C:\Users\nguye\Desktop\LAB\Project\systolic_array\systolic_array\systolic_array.xpr
# Log file           : C:/Users/nguye/Desktop/LAB/Project/systolic_array/systolic_array/vivado.log
# Journal file       : C:/Users/nguye/Desktop/LAB/Project/systolic_array/systolic_array\vivado.jou
# Running On         : DESKTOP-0UL7VKJ
# Platform           : Windows Server 2016 or Windows 10
# Operating System   : 26200
# Processor Detail   : AMD Ryzen 5 5600H with Radeon Graphics         
# CPU Frequency      : 3294 MHz
# CPU Physical cores : 6
# CPU Logical cores  : 12
# Host memory        : 16474 MB
# Swap memory        : 9663 MB
# Total Virtual      : 26138 MB
# Available Virtual  : 5280 MB
#-----------------------------------------------------------
start_gui
open_project C:/Users/nguye/Desktop/LAB/Project/systolic_array/systolic_array/systolic_array.xpr
update_compile_order -fileset sources_1
