#-----------------------------------------------------------
# Vivado v2025.1 (64-bit)
# SW Build 6140274 on Thu May 22 00:12:29 MDT 2025
# IP Build 6138677 on Thu May 22 03:10:11 MDT 2025
# SharedData Build 6139179 on Tue May 20 17:58:58 MDT 2025
# Start of session at: Tue May 19 00:32:21 2026
# Process ID         : 28876
# Current directory  : D:/Hoc_Tap/Dai_hoc/HK6/SoC/Nhap3/sys/sys.runs/design_1_zynq_ultra_ps_e_0_0_synth_1
# Command line       : vivado.exe -log design_1_zynq_ultra_ps_e_0_0.vds -product Vivado -mode batch -messageDb vivado.pb -notrace -source design_1_zynq_ultra_ps_e_0_0.tcl
# Log file           : D:/Hoc_Tap/Dai_hoc/HK6/SoC/Nhap3/sys/sys.runs/design_1_zynq_ultra_ps_e_0_0_synth_1/design_1_zynq_ultra_ps_e_0_0.vds
# Journal file       : D:/Hoc_Tap/Dai_hoc/HK6/SoC/Nhap3/sys/sys.runs/design_1_zynq_ultra_ps_e_0_0_synth_1\vivado.jou
# Running On         : Trong_Hieu
# Platform           : Windows Server 2016 or Windows 10
# Operating System   : 26200
# Processor Detail   : AMD Ryzen 5 6600H with Radeon Graphics         
# CPU Frequency      : 3294 MHz
# CPU Physical cores : 6
# CPU Logical cores  : 12
# Host memory        : 16361 MB
# Swap memory        : 23995 MB
# Total Virtual      : 40357 MB
# Available Virtual  : 1140 MB
#-----------------------------------------------------------
source design_1_zynq_ultra_ps_e_0_0.tcl -notrace
